▲ Next.js 16.2.11 (Turbopack)
- Local:         http://localhost:3000
- Network:       http://172.17.96.1:3000
✓ Ready in 868ms
Creating turbopack project { dir: 'E:\\Websites\\akara', testMode: true }
Using secrets defined in .dev.vars

 GET /about 200 in 721ms (next.js: 434ms, application-code: 287ms)
 GET /contact 200 in 208ms (next.js: 139ms, application-code: 69ms)
 GET /about 200 in 79ms (next.js: 20ms, application-code: 59ms)
 GET /about 200 in 66ms (next.js: 5ms, application-code: 61ms)
 GET /about 200 in 70ms (next.js: 5ms, application-code: 64ms)
✓ Compiled in 2.3s
 GET /about 200 in 87ms (next.js: 20ms, application-code: 67ms)
✓ Compiled in 4.9s
 GET /about 200 in 817ms (next.js: 372ms, application-code: 445ms)
 GET /about 200 in 3.5s (next.js: 3.1s, application-code: 382ms)
 GET /about 200 in 164ms (next.js: 15ms, application-code: 149ms)
 GET /about 200 in 101ms (next.js: 31ms, application-code: 69ms)
 GET /about 200 in 103ms (next.js: 7ms, application-code: 97ms)
 GET /about 200 in 86ms (next.js: 8ms, application-code: 78ms)
 GET /about 200 in 356ms (next.js: 155ms, application-code: 201ms)
✓ Compiled in 1788ms
 GET /about 200 in 416ms (next.js: 218ms, application-code: 198ms)
 GET /about 200 in 122ms (next.js: 32ms, application-code: 91ms)
 GET /about 200 in 187ms (next.js: 6ms, application-code: 180ms)
 GET /about 200 in 90ms (next.js: 20ms, application-code: 69ms)
✓ Compiled in 273ms
 GET /about 200 in 215ms (next.js: 151ms, application-code: 64ms)
 GET /about 200 in 216ms (next.js: 183ms, application-code: 33ms)
 GET /about 200 in 185ms (next.js: 7ms, application-code: 178ms)
✓ Compiled in 256ms
 GET /about 200 in 219ms (next.js: 152ms, application-code: 67ms)
 GET /about 200 in 220ms (next.js: 182ms, application-code: 38ms)
✓ Compiled in 248ms
 GET /about 200 in 105ms (next.js: 42ms, application-code: 63ms)
 GET /about 200 in 106ms (next.js: 73ms, application-code: 34ms)
 GET /about 200 in 124ms (next.js: 5ms, application-code: 120ms)
 GET /about 200 in 92ms (next.js: 18ms, application-code: 73ms)
✓ Compiled in 186ms
✓ Compiled in 153ms
 GET /about 200 in 86ms (next.js: 9ms, application-code: 77ms)
 GET /about 200 in 92ms (next.js: 21ms, application-code: 71ms)
✓ Compiled in 192ms
 GET / 200 in 350ms (next.js: 190ms, application-code: 160ms)
 GET /shop/all 200 in 260ms (next.js: 143ms, application-code: 117ms)
 GET /bespoke-cakes 200 in 199ms (next.js: 100ms, application-code: 100ms)
 GET /about 200 in 66ms (next.js: 8ms, application-code: 58ms)
 GET /contact 200 in 106ms (next.js: 40ms, application-code: 66ms)
 GET /custom-cakes 200 in 199ms (next.js: 122ms, application-code: 77ms)
 GET /shop/gfmothersdaycupcakes 200 in 1521ms (next.js: 1356ms, generate-params: 1204ms, application-code: 165ms)
 GET / 200 in 82ms (next.js: 19ms, application-code: 63ms)
 GET / 200 in 112ms (next.js: 18ms, application-code: 94ms)
✓ Compiled in 4.5s
 GET / 200 in 2.9s (next.js: 2.6s, application-code: 352ms)
 GET / 200 in 2.9s (next.js: 2.5s, application-code: 411ms)
 GET / 200 in 315ms (next.js: 6ms, application-code: 309ms)
 GET / 200 in 315ms (next.js: 31ms, application-code: 284ms)
 GET / 200 in 315ms (next.js: 37ms, application-code: 278ms)
 GET / 200 in 318ms (next.js: 8ms, application-code: 310ms)
 GET / 200 in 345ms (next.js: 62ms, application-code: 282ms)
 GET / 200 in 264ms (next.js: 7ms, application-code: 257ms)
 GET / 200 in 321ms (next.js: 10ms, application-code: 311ms)
 GET / 200 in 346ms (next.js: 33ms, application-code: 314ms)
 GET / 200 in 348ms (next.js: 7ms, application-code: 342ms)
 GET / 200 in 322ms (next.js: 7ms, application-code: 315ms)
 GET / 200 in 324ms (next.js: 12ms, application-code: 312ms)
 GET / 200 in 318ms (next.js: 6ms, application-code: 312ms)
 GET / 200 in 318ms (next.js: 36ms, application-code: 282ms)
 GET / 200 in 315ms (next.js: 10ms, application-code: 305ms)
 GET / 200 in 313ms (next.js: 35ms, application-code: 277ms)
 GET / 200 in 311ms (next.js: 30ms, application-code: 282ms)
 GET / 200 in 286ms (next.js: 6ms, application-code: 281ms)
 GET / 200 in 288ms (next.js: 33ms, application-code: 256ms)
 GET / 200 in 265ms (next.js: 9ms, application-code: 256ms)
 GET / 200 in 232ms (next.js: 9ms, application-code: 223ms)
 GET / 200 in 202ms (next.js: 8ms, application-code: 194ms)
 GET / 200 in 172ms (next.js: 9ms, application-code: 163ms)
 GET / 200 in 171ms (next.js: 36ms, application-code: 135ms)
 GET / 200 in 111ms (next.js: 6ms, application-code: 104ms)
 GET / 200 in 87ms (next.js: 9ms, application-code: 78ms)
 GET / 200 in 48ms (next.js: 6ms, application-code: 41ms)
 GET / 200 in 222ms (next.js: 6ms, application-code: 216ms)
 GET /shop/all 200 in 225ms (next.js: 58ms, application-code: 167ms)
 GET /bespoke-cakes 200 in 229ms (next.js: 67ms, application-code: 163ms)
 GET /about 200 in 215ms (next.js: 68ms, application-code: 148ms)
 GET /contact 200 in 172ms (next.js: 60ms, application-code: 111ms)
 GET /shop/all 200 in 80ms (next.js: 4ms, application-code: 75ms)
 GET /shop/gfmothersdaycupcakes 200 in 696ms (next.js: 101ms, generate-params: 10ms, application-code: 595ms)
